covar,blue,se,pval
intercept,-3.25761e-06,2.64493,0.999999
